[trome.pe/index.html]
[backblue.gif]
[fade.gif]
[index.html]
[cdnc.trome.pe/dist/trome/css/home-v2b647.css]
[cdna.trome.pe/resources/dist/trome/images/favicon2d2b.png]
[cdna.trome.pe/resources/dist/trome/images/apple-touch-icon2d2b.png]
[cdna.trome.pe/resources/dist/trome/images/apple-touch-icon-76x762d2b.png]
[cdna.trome.pe/resources/dist/trome/images/apple-touch-icon-120x1202d2b.png]
[cdna.trome.pe/resources/dist/trome/images/apple-touch-icon-144x1442d2b.png]
[cdna.trome.pe/resources/dist/trome/images/apple-touch-icon-152x1522d2b.png]
[cdna.trome.pe/resources/dist/trome/images/apple-touch-icon-180x1802d2b.png]
[trome.pe/arcio/rss/index.html]
[www.npttech.com/advertising.js]
[d1r08wok4169a5.cloudfront.net/ads/ec/arcads6ebf.js]
[static.chartbeat.com/js/chartbeat.js]
[trome.pe/winback/index.html]
[trome.pe/extranjeros/index.html]
[trome.pe/cc/digital/index.html]
[static.chartbeat.com/js/chartbeat_mab.js]
[delivery.adrecover.com/41443/adRecover.js]
[trome.pe/colaboradores/index.html]
[trome.pe/universitarios/index.html]
[trome.pe/corporativos/index.html]
[trome.pe/pf/resources/assets/js/sdk.v3.minb647.js]
[trome.pe/ak.m]
[trome.pe/ak.t]
[cdna.trome.pe/resources/dist/trome/images/trome-logo_52d2b.png]
[cdna.trome.pe/resources/dist/trome/images/super_llamada_ganadora_trome_2x2d2b.png]
[trome.pe/noticias/rodrigo-cuba/index.html]
[trome.pe/noticias/shakira/index.html]
[cdna.trome.pe/resources/dist/trome/images/default-md87dd.png]
[trome.pe/resizer/c7_nkkJsoD5kcdOCjKqAXzEFf2I=/314x157/smart/filters_format(jpeg)_quality(75)/cloudfront-us-east-1.images.arcpublishing.com/elcomercio/ZMJR5KJP3NDEZELPTHITWQCSXA.jpg]
[trome.pe/noticias/byron-castillo/index.html]
[trome.pe/espectaculos/index.html]
[trome.pe/noticias/deyvis-orosco/index.html]
[trome.pe/deportes/index.html]
[trome.pe/pf/resources/dist/trome/css/home-v21b04.css]
[cdna.trome.pe/resources/dist/trome/images/logo2d2b.png]
[cdna.trome.pe/resources/assets/js/lazyload2d2b.js]
[trome.pe/opinion/el-bombardero/index.html]
[trome.pe/mundial/index.html]
[trome.pe/index.html]
[d1r08wok4169a5.cloudfront.net/gpt-adtmp/gpt-adtmp6ebf.js]
[trome.pe/actualidad/index.html]
[cdnc.trome.pe/dist/trome/css/home-v2b647.css]
[trome.pe/actualidad/nacional/index.html]
[trome.pe/actualidad/economia/index.html]
[trome.pe/cc/digital/index.html]
[trome.pe/actualidad/politica/index.html]
[trome.pe/winback/index.html]
[trome.pe/actualidad/policiales/index.html]
[trome.pe/extranjeros/index.html]
[trome.pe/actualidad/internacional/index.html]
[trome.pe/universitarios/index.html]
[trome.pe/espectaculos/celebridades/index.html]
[trome.pe/colaboradores/index.html]
[trome.pe/espectaculos/cine/index.html]
[trome.pe/corporativos/index.html]
[trome.pe/espectaculos/musica/index.html]
[trome.pe/espectaculos/tv/index.html]
[trome.pe/deportes/futbol-peruano/index.html]
[trome.pe/panamericanos/index.html]
[static.chartbeat.com/js/inpage.js]
[static.chartbeat.com/js/chartbeat.js]
[trome.pe/deportes/futbol-internacional/index.html]
[trome.pe/deportes/seleccion-peruana/index.html]
[trome.pe/deportes/ufc/index.html]
[trome.pe/deportes/wwe/index.html]
[trome.pe/programas-tv/index.html]
[static.chartbeat.com/js/chartbeat_mab.js]
[www.googletagmanager.com/gtm5445.html]
[trome.pe/mi-bodeguita/index.html]
[trome.pe/ak.html]
[trome.pe/programas-tv/pension-soto/index.html]
[trome.pe/ak-2.html]
[trome.pe/programas-tv/esto-es-guerra/index.html]
[trome.pe/programas-tv/de-vuelta-al-barrio/index.html]
[trome.pe/programas-tv/combate/index.html]
[trome.pe/familia/index.html]
[cdnc.trome.pe/dist/trome/css/styleb647.css]
[trome.pe/familia/escuela/index.html]
[trome.pe/familia/ninos/index.html]
[trome.pe/familia/tercera-edad/index.html]
[d2dvq461rdwooi.cloudfront.net/output/assets/js/prebid8095.js]
[trome.pe/familia/salud/index.html]
[d1r08wok4169a5.cloudfront.net/ads/arcads6ebf.js]
[trome.pe/opinion/index.html]
[trome.pe/familia/sexo/index.html]
[trome.pe/familia/trabajo/index.html]
[trome.pe/opinion/seno-maria/index.html]
[trome.pe/noticias/rodrigo-cuba/ak.20.delayed]
[trome.pe/opinion/ampay/index.html]
[trome.pe/dr-trome/index.html]
[trome.pe/emprende-trome/index.html]
[trome.pe/opinion/el-buho/index.html]
[trome.pe/videos/index.html]
[trome.pe/noticias/rodrigo-cuba/ak.21.delayed]
[trome.pe/malcriadas/index.html]
[trome.pe/promociones/index.html]
[trome.pe/edicion-impresa/index.html]
[trome.pe/fotos/index.html]
[trome.pe/mi-cuenta/index.html]
[trome.pe/resizer/KML0QdlHboGA9dsRDfFft8NVknI=/118x72/smart/filters_format(jpeg)_quality(75)/cloudfront-us-east-1.images.arcpublishing.com/elcomercio/XK5AT5HZGJHL7JWGT5XGQ725AA.jpg]
[trome.pe/ultimas-noticias/index.html]
[trome.pe/resizer/QA9Fq-WfPGPy7uFAbZEpD5d1tCw=/234x161/smart/filters_format(jpeg)_quality(75)/cloudfront-us-east-1.images.arcpublishing.com/elcomercio/XK5AT5HZGJHL7JWGT5XGQ725AA.jpg]
[trome.pe/todas/descendiente/index0f15.html]
[trome.pe/actualidad/economia/precio-del-dolar-en-peru-tipo-de-cambio-retrocede-en-394-soles-en-medio-de-mercados-a-la-espera-de-datos-de-inflacion-en-estados-unidos-bcr-sbs-ocona-rmmn-noticia/index.html]
[trome.pe/deportes/universitario-de-deportes-hace-propueta-por-bryan-reyna-a-academia-cantolao-fotos-fichajes-2023-seleccion-peruana-noticia/index.html]
[trome.pe/resizer/idT-nnDbA3Hk3aE7hmibeGgNErU=/118x72/smart/filters_format(jpeg)_quality(75)/cloudfront-us-east-1.images.arcpublishing.com/elcomercio/NXKTGEYWWBAORE2QFLRDYIEKYA.jpg]
[trome.pe/resizer/S2zk9-ZTCglVYk1usQh9moRsrY8=/234x161/smart/filters_format(jpeg)_quality(75)/cloudfront-us-east-1.images.arcpublishing.com/elcomercio/NXKTGEYWWBAORE2QFLRDYIEKYA.jpg]
[trome.pe/resizer/pRngkj3tv6izQn0JV299jrgmyqQ=/118x72/smart/filters_format(jpeg)_quality(75)/cloudfront-us-east-1.images.arcpublishing.com/elcomercio/FB2SUUV3DZCFTK5KVXA24DLIWU.jpg]
[trome.pe/autores/index.html]
[trome.pe/espectaculos/rodrigo-cuba-revela-que-se-reunio-a-solas-con-melissa-paredes-video-reconciliacion-nos-pedimos-disculpas-y-reconocimos-errores-farandula-noticia/index.html]
[trome.pe/actualidad/joven-denuncia-que-realizo-transferencia-de-s14500-entre-sus-cuentas-bancarias-pero-el-dinero-desaparecio-video-scotiabank-bcp-rmmn-noticia/index.html]
[trome.pe/autor/redaccion-trome/index.html]
[trome.pe/resizer/3sjhPIN20Fwc7Jino1hvWOd9Rvk=/234x161/smart/filters_format(jpeg)_quality(75)/cloudfront-us-east-1.images.arcpublishing.com/elcomercio/FB2SUUV3DZCFTK5KVXA24DLIWU.jpg]
[trome.pe/opinion/el-bombardero/pisa-pelota-quien-gana-la-final-en-el-global-la-veo-parejita-pero-si-se-trata-del-duelo-de-ida-veo-un-ligero-favoritismo-hacia-melgar-noticia/index.html]
[trome.pe/autor/elbombardero/index.html]
[trome.pe/resizer/wD5AmjZeXFN5kMlg9XJCMi0PsvY=/118x72/smart/filters_format(jpeg)_quality(75)/cloudfront-us-east-1.images.arcpublishing.com/elcomercio/PEA64OD45JCHRDMT3CGWWP3N6M.jpg]
[trome.pe/espectaculos/deyvis-orosco-magaly-medina-advierte-a-cassandra-sanchez-tras-captar-al-bomboncito-en-sauna-con-final-feliz-video-tiene-que-pedir-explicaciones-farandula-noticia/index.html]
[trome.pe/espectaculos/giuliana-rengifo-cumbiambera-la-acusa-de-meterse-en-su-relacion-es-una-mujer-mala-no-tiene-reparos-en-pasar-por-quien-sea-magaly-tv-la-firme-farandula-noticia/index.html]
[trome.pe/espectaculos/rodrigo-cuba-su-hermano-le-manda-mensaje-tras-emotiva-entrevista-pero-valeria-florez-lo-destruye-esta-metiendo-candela-un-dia-en-el-mall-farandula-noticia/index.html]
[trome.pe/espectaculos/rodrigo-cuba-reconoce-que-embarazo-de-ale-venturo-pudo-ser-mas-alegre-video-no-era-el-momento-youtube-melissa-paredes-farandula-noticia/index.html]
[trome.pe/resizer/r2Nmc_Bm2xO4bs8-0XdMJKpuyCA=/234x161/smart/filters_format(jpeg)_quality(75)/cloudfront-us-east-1.images.arcpublishing.com/elcomercio/PEA64OD45JCHRDMT3CGWWP3N6M.jpg]
[trome.pe/resizer/A6L_G7UkpXF9yOlyrS-fdC3Jvh4=/118x72/smart/filters_format(jpeg)_quality(75)/cloudfront-us-east-1.images.arcpublishing.com/elcomercio/VTEAJMJ5WZFWLIY4A2AUUD5EH4.jpg]
[trome.pe/resizer/XYWhhWiP7b0iCpa-FeCzKzbgP-U=/234x161/smart/filters_format(jpeg)_quality(75)/cloudfront-us-east-1.images.arcpublishing.com/elcomercio/VTEAJMJ5WZFWLIY4A2AUUD5EH4.jpg]
[trome.pe/resizer/ZMkJJseT2MTB0W6H1Ub7_bSGcIU=/118x72/smart/filters_format(jpeg)_quality(75)/cloudfront-us-east-1.images.arcpublishing.com/elcomercio/BBYYMJBKMVFGLO2DATAJ52LXXI.jpg]
[trome.pe/actualidad/nacional/licencia-de-conducir-clase-a-y-clase-b-mtc-amplia-vigencia-de-brevetes-para-vehiculos-mayores-motos-y-mototaxis-rmmn-noticia/index.html]
[trome.pe/resizer/J7FhCFFgflZB8HaLFuiJ3Sny-2Q=/234x161/smart/filters_format(jpeg)_quality(75)/cloudfront-us-east-1.images.arcpublishing.com/elcomercio/BBYYMJBKMVFGLO2DATAJ52LXXI.jpg]
[trome.pe/resizer/CE7dLE-cHkGpgOLFvGxXiO_5Hx4=/118x72/smart/filters_format(jpeg)_quality(75)/cloudfront-us-east-1.images.arcpublishing.com/elcomercio/HJBXEECYUVF63HIWNRRJ7VZRYE.jpg]
[trome.pe/resizer/RUwFnA5JQWLvBhRrFcOiyNKbSeA=/234x161/smart/filters_format(jpeg)_quality(75)/cloudfront-us-east-1.images.arcpublishing.com/elcomercio/HJBXEECYUVF63HIWNRRJ7VZRYE.jpg]
[trome.pe/resizer/K-QgFBLnZaZ8RLvZT5GyyJUGffo=/118x72/smart/filters_format(jpeg)_quality(75)/cloudfront-us-east-1.images.arcpublishing.com/elcomercio/EWPH3N7K7BCSTDTX2S77X3UO7Q.jpg]
[trome.pe/espectaculos/cassandra-sanchez-reaparece-junto-a-deyvis-orosco-video-tras-ser-ampayado-en-sauna-masajes-tantricos-con-final-feliz-siendo-luz-magaly-tv-la-firme-farandula-noticia/index.html]
[trome.pe/resizer/uG1PNpSb576Y83_JyGa9DktCTTc=/234x161/smart/filters_format(jpeg)_quality(75)/cloudfront-us-east-1.images.arcpublishing.com/elcomercio/EWPH3N7K7BCSTDTX2S77X3UO7Q.jpg]
[trome.pe/espectaculos/deyvis-orosco-es-captado-saliendo-de-de-sauna-que-ofrece-masajes-tantricos-con-final-feliz-estuvo-casi-11-horas-magaly-tv-la-firme-farandula-noticia/index.html]
[trome.pe/resizer/mSzO94an5_Luqls2525vDw6rYtU=/118x72/smart/filters_format(jpeg)_quality(75)/cloudfront-us-east-1.images.arcpublishing.com/elcomercio/47NQMMK5SBCZBAV6PMDJWTFC5I.jpg]
[trome.pe/espectaculos/lucecita-ceballos-sus-inicios-en-la-tv-antes-de-participar-en-al-fondo-hay-sitio-y-el-gran-show-el-especial-del-humor-risas-y-salsa-farandula-nnsp-noticia/index.html]
[trome.pe/deportes/caso-byron-castillo-resolucion-tas-le-quita-tres-puntos-a-ecuador-para-mundial-2026-y-le-da-mala-noticia-a-seleccion-peruana-para-qatar-2022-noticia/index.html]
[trome.pe/promocion/ganadores-del-bingo-trome-pasan-por-caja-noticia/index.html]
[trome.pe/resizer/4Km2lpLQsXLpRPqvYtCdc_CJivc=/234x161/smart/filters_format(jpeg)_quality(75)/cloudfront-us-east-1.images.arcpublishing.com/elcomercio/47NQMMK5SBCZBAV6PMDJWTFC5I.jpg]
[trome.pe/resizer/85NfDSsXV1CoSIawJHNWlYP0IOo=/118x72/smart/filters_format(jpeg)_quality(75)/cdn.jwplayer.com/v2/media/zXgUHpA2/poster.jpg]
[trome.pe/espectaculos/kathy-sheen-expone-a-deyvis-orosco-los-que-trabajamos-en-tv-sabemos-de-ese-sauna-video-cassandra-sanchez-farandula-noticia/index.html]
[trome.pe/resizer/1om7ZefI0IDxY8slaN2BfYuYZDE=/234x161/smart/filters_format(jpeg)_quality(75)/cdn.jwplayer.com/v2/media/zXgUHpA2/poster.jpg]
[trome.pe/deportes/seleccion-peruana-recibe-esta-compensacion-ecoomica-tras-fallo-de-tas-por-caso-byron-castillo-video-ecuador-jugara-qatar-2022-noticia/index.html]
[trome.pe/autor/henry-espinoza/index.html]
[trome.pe/resizer/eCo3WpPw8NmLqXvWsAH54INDWdc=/118x72/smart/filters_format(jpeg)_quality(75)/cloudfront-us-east-1.images.arcpublishing.com/elcomercio/ST6TPMY3UZDC3MLSU6PR7DC67M.jpg]
[trome.pe/resizer/pP2J27Idvh3-2ei4uT4gvB6Bz4A=/234x161/smart/filters_format(jpeg)_quality(75)/cloudfront-us-east-1.images.arcpublishing.com/elcomercio/ST6TPMY3UZDC3MLSU6PR7DC67M.jpg]
[trome.pe/espectaculos/celebridades/shakira-y-pique-emitieron-comunicado-oficial-tras-llegar-a-un-acuerdo-sobre-la-custodia-de-sus-hijos-usa-eeuu-estados-unidos-celebs-rmmn-noticia/index.html]
[trome.pe/mundial/qatar-2022-en-vivo-ultimas-noticias-de-listas-de-convocados-en-selecciones-clasificadas-al-mundial-y-minuto-a-minuto-antesala-copa-del-mundo-noticia/index.html]
[trome.pe/resizer/KZ_YQY4NNyHz4iaQfwv5-Glr_YA=/118x72/smart/filters_format(jpeg)_quality(75)/cloudfront-us-east-1.images.arcpublishing.com/elcomercio/F2NQYMXAZ5FDFFVDKY6IVOW7ZU.jpg]
[trome.pe/autor/agencia-efe/index.html]
[trome.pe/resizer/zy8nE22vj_81_4IT873c4rPkwCI=/234x161/smart/filters_format(jpeg)_quality(75)/cloudfront-us-east-1.images.arcpublishing.com/elcomercio/F2NQYMXAZ5FDFFVDKY6IVOW7ZU.jpg]
[trome.pe/deportes/sporting-cristal-y-la-hora-del-adios-el-club-celeste-se-despidio-de-roberto-mosquera-y-su-comando-tecnico-liga-1-rmmd-noticia/index.html]
[trome.pe/resizer/rRdeJ59W7iyAGALhY24ju9m_-pQ=/118x72/smart/filters_format(jpeg)_quality(75)/cloudfront-us-east-1.images.arcpublishing.com/elcomercio/SSFUMFY74ZBJLPDHHTRW37YV2A.jpg]
[trome.pe/espectaculos/giuliana-rengifo-pasa-por-el-lado-del-george-neyra-exbailarin-de-el-gran-show-e-ignora-su-presencia-que-sea-feliz-video-farandula-noticia/index.html]
[trome.pe/deportes/rodrigo-cuba-conto-como-le-explico-a-su-hija-que-no-podia-verla-fueron-92-dias-le-dije-que-estaba-de-viaje-gato-cuba-noticia/index.html]
[trome.pe/autor/redaccion-deportes/index.html]
[trome.pe/resizer/W9eznAMWw6b_elSfye5Qh04vJjU=/234x161/smart/filters_format(jpeg)_quality(75)/cloudfront-us-east-1.images.arcpublishing.com/elcomercio/SSFUMFY74ZBJLPDHHTRW37YV2A.jpg]
[trome.pe/espectaculos/john-kelvin-y-dalia-duran-llegan-a-un-acuerdo-por-su-hijo-mayor-ambos-firmaron-documento-jura-abogado-farandula-noticia/index.html]
[trome.pe/resizer/FAh5SIqCT6Wq7VAoBQsfrQ-Pn1A=/118x72/smart/filters_format(jpeg)_quality(75)/cloudfront-us-east-1.images.arcpublishing.com/elcomercio/U7R5FKLUBZCHHAUZ4AUJJXFPFQ.jpg]
[trome.pe/espectaculos/celebridades/la-reina-del-sur-3-la-serie-que-ha-sido-un-fracaso-para-telemundo-telenovela-nnda-nnlt-noticia/index.html]
[trome.pe/actualidad/economia/cts-2022-link-dni-conoce-cuanto-te-depositaran-segun-el-tipo-de-empresa-en-la-que-trabajas-consultas-retiro-cts-cuando-depositan-la-cts-tramites-rmmn-noticia/index.html]
[trome.pe/espectaculos/gian-marco-su-mama-regina-alcover-se-pronuncia-tras-humillacion-a-reportero-de-amor-y-fuego-un-dia-malo-te-da-experiencia-farandula-noticia/index.html]
[trome.pe/resizer/tXc7xWUvUFF9w6Wxy5Xjy1kDfck=/234x161/smart/filters_format(jpeg)_quality(75)/cloudfront-us-east-1.images.arcpublishing.com/elcomercio/U7R5FKLUBZCHHAUZ4AUJJXFPFQ.jpg]
[trome.pe/emprende-trome/informacion-util/fondo-emprendedor-financiara-a-empresas-peruanas-con-impacto-social-conoce-cuales-son-los-requisitos-para-postularimp-noticia/index.html]
[trome.pe/actualidad/nacional/sedapal-cortara-servicio-de-agua-en-6-distritos/index.html]
[trome.pe/emprende-trome/informacion-util/index.html]
[trome.pe/resizer/4uxn9nYpttL2q17TsSPtwOr_usI=/118x72/smart/filters_format(jpeg)_quality(75)/cloudfront-us-east-1.images.arcpublishing.com/elcomercio/KDR5I5I4NFFD3O7E57MB6QBOUU.jpg]
[trome.pe/autor/redaccion-celebrities/index.html]
[trome.pe/actualidad/politica/anibal-torres-y-sol-carreno-que-fue-lo-que-dijo-y-que-fue-considerado-ataque-misogino-america-tv-rmmn-noticia/index.html]
[trome.pe/espectaculos/el-gran-show-george-neyra-que-le-deba-dinero-a-giuliana-rengifo-tal-como-afirmo-gisela-es-su-palabra-de-ellas-contra-la-mia-video-farandula-noticia/index.html]
[trome.pe/resizer/nK00MauHMhcPdoIn3dgN77pKJJE=/234x161/smart/filters_format(jpeg)_quality(75)/cloudfront-us-east-1.images.arcpublishing.com/elcomercio/KDR5I5I4NFFD3O7E57MB6QBOUU.jpg]
[trome.pe/autor/maritza-llanos/index.html]
[trome.pe/opinion/el-buho/el-buho-corrio-la-cancha-en-arequipa-pico-tv-marcha-contra-pedro-castillo-agricultura-noticia/index.html]
[trome.pe/familia/preocupada-por-la-higiene-bucal-de-tus-ninos-aqui-te-traemos-la-solucion-imp-noticia/index.html]
[trome.pe/resizer/AxViv_toO1boBt1_9h27aZdqBU8=/118x72/smart/filters_format(jpeg)_quality(75)/cloudfront-us-east-1.images.arcpublishing.com/elcomercio/CVXJG6XLVFA23P64U5MQOSVIOM.jpg]
[trome.pe/autor/buho/index.html]
[trome.pe/opinion/el-bombardero/pisa-pelota-paolo-se-equivoco-en-la-decision-de-ir-a-un-equipo-chico-del-brasileirao-noticia/index.html]
[trome.pe/opinion/seno-maria/rateros-extranjeros-seno-maria-sicarios-venezolanos-fiesta-en-yate-en-callao-los-puros-hermanos-sicarios-noticia/index.html]
[trome.pe/resizer/IhXfGBjtDIlEATkjMZhNan8Rw6A=/234x161/smart/filters_format(jpeg)_quality(75)/cloudfront-us-east-1.images.arcpublishing.com/elcomercio/CVXJG6XLVFA23P64U5MQOSVIOM.jpg]
[trome.pe/resizer/GZh8u9YvaVS8TwIhePidR1iW0ag=/118x72/smart/filters_format(jpeg)_quality(75)/cloudfront-us-east-1.images.arcpublishing.com/elcomercio/2BY5KMBXQVHQ5EAECXRYHT2ZIY.jpg]
[trome.pe/opinion/ampay/andrea-san-martin-se-hizo-retoquito-para-quitarse-la-papada-farandula-noticia/index.html]
[trome.pe/autor/meche/index.html]
[trome.pe/resizer/_gNMOmfoFkMOnbOmiavgiIrPBew=/234x161/smart/filters_format(jpeg)_quality(75)/cloudfront-us-east-1.images.arcpublishing.com/elcomercio/2BY5KMBXQVHQ5EAECXRYHT2ZIY.jpg]
[trome.pe/resizer/Q4g1f2nnALGLKi57_E1j7mDsCuA=/118x72/smart/filters_format(jpeg)_quality(75)/cloudfront-us-east-1.images.arcpublishing.com/elcomercio/CN53W7LYXNHC3F34OUFC4BMGA4.jpg]
[trome.pe/espectaculos/celebridades/como-fue-el-fin-de-la-relacion-de-hilary-duff-y-aaron-carter-lindsay-lohan-celebs-de-estados-unidos-nnda-nnlt-noticia/index.html]
[trome.pe/espectaculos/celebridades/que-es-la-dilexia-el-trastorno-que-sufre-thalia-nndatl-noticia/index.html]
[trome.pe/autor/jesus-fernandez-cabero/index.html]
[trome.pe/resizer/jD63AG7faBzYNAkdvwNaRaAKdG0=/234x161/smart/filters_format(jpeg)_quality(75)/cloudfront-us-east-1.images.arcpublishing.com/elcomercio/CN53W7LYXNHC3F34OUFC4BMGA4.jpg]
[trome.pe/espectaculos/celebridades/quien-es-devrim-ozkan-la-supuesta-nueva-novia-de-mauro-icardi-nndatl-noticia/index.html]
[trome.pe/deportes/link-golperu-en-vivo-alianza-lima-vs-melgar-en-vivo-como-ver-final-liga-1-2022-ida-transmision-por-internet-via-canal-14-partidos-de-hoy-noticia/index.html]
[trome.pe/familia/escuela/estos-son-algunos-de-los-animales-que-viven-mucho-mas-que-los-humanos-imp-noticia/index.html]
[trome.pe/resizer/GmmyOe8NKQlOHnmFblpuGZcugMw=/118x72/smart/filters_format(jpeg)_quality(75)/cloudfront-us-east-1.images.arcpublishing.com/elcomercio/GJHPTQOFXZB77FEDCYKRNUGLNQ.jpg]
[trome.pe/resizer/qbKACPacJ3mLEqWu_E9Datwm_y0=/234x161/smart/filters_format(jpeg)_quality(75)/cloudfront-us-east-1.images.arcpublishing.com/elcomercio/GJHPTQOFXZB77FEDCYKRNUGLNQ.jpg]
[trome.pe/familia/escuela/conoce-la-historia-de-bram-stoker-creador-de-dracula-imp-noticia/index.html]
[trome.pe/videos/espectaculos/carlos-cacho-lucecita-ceballos-cambio-imagen-antes-y-despues-famosos-farandula-nnav-amtv-video-noticia/index.html]
[trome.pe/resizer/YUSmT2WcVjikCZEEY188yEj4J0c=/118x72/smart/filters_format(jpeg)_quality(75)/cloudfront-us-east-1.images.arcpublishing.com/elcomercio/AKNOTWSLB5CFTGOSPBGX7XGXCE.jpg]
[trome.pe/videos/espectaculos/index.html]
[trome.pe/autor/esalazar/index.html]
[trome.pe/resizer/T7A7ogmFEtItxkaOS2yeDB8H1po=/234x161/smart/filters_format(jpeg)_quality(75)/cloudfront-us-east-1.images.arcpublishing.com/elcomercio/AKNOTWSLB5CFTGOSPBGX7XGXCE.jpg]
[trome.pe/noticias/rodrigo-cuba/index.html]
[trome.pe/familia/mi-perro-tiene-un-bultito-en-la-piel-es-peligroso-mascotas-cancer-noticia/index.html]
[trome.pe/impresa/index.html]
[trome.pe/autor/estefanyvalladares/index.html]
[trome.pe/familia/apendicitis-un-mal-imposible-de-prevenir-aqui-le-ensenamos-como-tratarla-nczp-noticia/index.html]
[trome.pe/actualidad/eres-dramatico-relajado-o-responsable-con-las-enfermedades-segun-tu-signo-horoscopo-imp-noticia/index.html]
[trome.pe/familia/sol-carreno-que-es-misoginia-y-como-se-expresa-en-la-sociedad-anibal-torres-cuarto-poder-rmmn-noticia/index.html]
[trome.pe/espectaculos/celebridades/que-dijo-wanda-nara-sobre-el-fin-de-su-relacion-con-mauro-icardi-nndatl-noticia/index.html]
[trome.pe/noticias/shakira/ak.4a.delayed]
[trome.pe/videos/actualidad/eclipse-eclipse-lunar-fenomeno-astronomico-peru-madrugada-300-horas-luna-de-sangre-2025-nnav-amtv-video-noticia/index.html]
[trome.pe/espectaculos/celebridades/que-es-lo-que-hacia-shakira-mientras-gerard-pique-se-despedia-del-fc-barcelona-nndatl-noticia/index.html]
[trome.pe/espectaculos/shakira-en-qatar-2022-la-pista-que-indicaria-que-la-colombiana-si-tocaria-en-el-mundial-farandula-rmmd-emcc-noticia/index.html]
[trome.pe/videos/actualidad/index.html]
[trome.pe/actualidad/nacional/quien-es-el-padre-omar-sanchez-y-que-se-conoce-de-la-granada-que-dejaron-en-su-hogar-rmmn-emcc-noticia/index.html]
[trome.pe/deportes/historia-de-mundiales-juan-hohberg-el-jugador-que-anoto-dos-goles-murio-en-plena-copa-del-mundo-y-resucito-con-seleccion-de-uruguay-anecdotas-historias-de-futbolistas-imp-noticia/index.html]
[trome.pe/familia/sabes-que-hacer-si-te-roban-el-celular-aqui-te-lo-decimos-imp-noticia/index.html]
[trome.pe/noticias/shakira/ak.4b.delayed]
[trome.pe/familia/tecnologia-conoce-los-peligros-en-tinder-y-protegete-imp-noticia/index.html]
[trome.pe/karry/index.html]
[trome.pe/autor/carlos-bernuy/index.html]
[trome.pe/resizer/44x-ayQV5AiAF_o0n9WMAjA6EVU=/118x72/smart/filters_format(jpeg)_quality(75)/cloudfront-us-east-1.images.arcpublishing.com/elcomercio/KU6Q3AAVOVH6JJRGILNKLUIAX4.jpg]
[trome.pe/resizer/FmVLGMCB18y8J_xuHA3FmoROUZU=/234x161/smart/filters_format(jpeg)_quality(75)/cloudfront-us-east-1.images.arcpublishing.com/elcomercio/KU6Q3AAVOVH6JJRGILNKLUIAX4.jpg]
[trome.pe/alvaro-portales/index.html]
[trome.pe/resizer/kGSy21h0YfEXRZlg33P6ZzgB-NE=/118x72/smart/filters_format(jpeg)_quality(75)/cloudfront-us-east-1.images.arcpublishing.com/elcomercio/ER5GN5TL5NGBTIZSK6OKMVLGGE.jpg]
[trome.pe/resizer/3ms12rWOxG-aBRj6xBwVQbR4YYU=/234x161/smart/filters_format(jpeg)_quality(75)/cloudfront-us-east-1.images.arcpublishing.com/elcomercio/ER5GN5TL5NGBTIZSK6OKMVLGGE.jpg]
[trome.pe/terminos-y-condiciones/index.html]
[trome.pe/politica-de-privacidad/index.html]
[trome.pe/resizer/KZ0z_mTGPPPoT6vnF9iwT0cGPNE=/118x72/smart/filters_format(jpeg)_quality(75)/cloudfront-us-east-1.images.arcpublishing.com/elcomercio/QBKT3EUCUVHQ3FD56OR4FOYSHY.jpg]
[trome.pe/resizer/qwSWB0rGBdGz_CfhNzvtkZwInGc=/234x161/smart/filters_format(jpeg)_quality(75)/cloudfront-us-east-1.images.arcpublishing.com/elcomercio/QBKT3EUCUVHQ3FD56OR4FOYSHY.jpg]
[trome.pe/politica-de-cookies/index.html]
[trome.pe/resizer/Gz_Mqrits5DhESlDWzbfafjZnUA=/118x72/smart/filters_format(jpeg)_quality(75)/cdn.jwplayer.com/v2/media/pkMeoMZc/poster.jpg]
[trome.pe/resizer/wI71N5SyOgJqDniqfZGWxPzwYn0=/234x161/smart/filters_format(jpeg)_quality(75)/cdn.jwplayer.com/v2/media/pkMeoMZc/poster.jpg]
[trome.pe/Trident/index.html]
[trome.pe/GET/index.html]
[trome.pe/espectaculos/rodrigo-cuba-gato-refuerza-su-declaracion-de-amor-a-ale-venturo-video-es-una-chica-a1-increible-y-buena-mama-melissa-paredes-farandula-noticia/index.html]
[trome.pe/resizer/BLyRZsATo18YMhfkMON5DjfItBQ=/118x72/smart/filters_format(jpeg)_quality(75)/cloudfront-us-east-1.images.arcpublishing.com/elcomercio/FIRSHJ7JAJDDZOEQXXILWSW2JQ.jpg]
[trome.pe/resizer/xCmFhTDbO-EgzKlDI-U87P5IiuI=/234x161/smart/filters_format(jpeg)_quality(75)/cloudfront-us-east-1.images.arcpublishing.com/elcomercio/FIRSHJ7JAJDDZOEQXXILWSW2JQ.jpg]
[trome.pe/resizer/8CKN_AyO6zNgbIT3rY46Tx-1eRc=/118x72/smart/filters_format(jpeg)_quality(75)/cloudfront-us-east-1.images.arcpublishing.com/elcomercio/FRRWCRQXDJE45JDACREFHX7ROE.jpg]
[trome.pe/resizer/i76pmzgKLup8GvG9t8C5bHOzrVc=/234x161/smart/filters_format(jpeg)_quality(75)/cloudfront-us-east-1.images.arcpublishing.com/elcomercio/FRRWCRQXDJE45JDACREFHX7ROE.jpg]
[trome.pe/resizer/qAu95uznPVZWIRdofVFScKz_BXM=/118x72/smart/filters_format(jpeg)_quality(75)/cloudfront-us-east-1.images.arcpublishing.com/elcomercio/UKXD2VYIBJDOXPQ3UTYZ4T5JTE.jpg]
[trome.pe/resizer/6rOTpffAxJdV8tmS3TuOFdYdN5o=/234x161/smart/filters_format(jpeg)_quality(75)/cloudfront-us-east-1.images.arcpublishing.com/elcomercio/UKXD2VYIBJDOXPQ3UTYZ4T5JTE.jpg]
[trome.pe/noticias/rodrigo-cuba/2/index.html]
[trome.pe/deportes/rodrigo-cuba-llora-y-admite-que-se-refugio-en-el-futbol-mentalmente-necesito-jugar-aunque-me-tenga-que-lesionar-gato-melissa-paredes-sport-boys-noticia/index.html]
[trome.pe/resizer/KDMj0IhWhYPR3-Fxdg1ejN3ll1Q=/118x72/smart/filters_format(jpeg)_quality(75)/cloudfront-us-east-1.images.arcpublishing.com/elcomercio/5APG77N7GREABJ6EJDZVVLXOUY.jpg]
[trome.pe/espectaculos/rodrigo-cuba-asegura-que-no-le-pagaron-por-presentarse-en-magaly-tv-la-firme-nunca-he-cobrado-por-una-entrevista-melissa-paredes-magaly-medina-farandula-noticia/index.html]
[trome.pe/resizer/y8YcK8FYbANz5A_klnFhnZvJi04=/234x161/smart/filters_format(jpeg)_quality(75)/cloudfront-us-east-1.images.arcpublishing.com/elcomercio/5APG77N7GREABJ6EJDZVVLXOUY.jpg]
[trome.pe/deportes/rodrigo-cuba-gato-llora-y-arremete-contra-prensa-de-espectaculos-es-muy-invasiva-video-melissa-paredes-sport-boys-noticia/index.html]
[trome.pe/resizer/NMQc8MBa8bIebNhcBiHvcL1OrNE=/118x72/smart/filters_format(jpeg)_quality(75)/cloudfront-us-east-1.images.arcpublishing.com/elcomercio/2IU2A2E7TJBFHFK4744OFQOGC4.jpg]
[trome.pe/resizer/ljZ5dLJ6iEX2P_DtfqwqSLW-AvI=/234x161/smart/filters_format(jpeg)_quality(75)/cloudfront-us-east-1.images.arcpublishing.com/elcomercio/2IU2A2E7TJBFHFK4744OFQOGC4.jpg]
[trome.pe/espectaculos/rodrigo-cuba-llora-por-pasado-enfrentamiento-con-melissa-paredes-como-haces-para-jugar-con-tanto-problema-giancarlo-granda-farandula-noticia/index.html]
[trome.pe/resizer/qG4WtDjTM8gASbVwdOy9gJaDD_Y=/118x72/smart/filters_format(jpeg)_quality(75)/cloudfront-us-east-1.images.arcpublishing.com/elcomercio/JDIKKXNE55GWXJN62P7QESARQE.jpg]
[trome.pe/resizer/Oh2m7HpSYSlHxvVLloyhju89S0Q=/234x161/smart/filters_format(jpeg)_quality(75)/cloudfront-us-east-1.images.arcpublishing.com/elcomercio/JDIKKXNE55GWXJN62P7QESARQE.jpg]
[trome.pe/espectaculos/melissa-paredes-sobre-la-buena-relacion-que-man/index.html]
[trome.pe/resizer/AR71Awtd-Fa8PbVTMl-AfSBO-mM=/118x72/smart/filters_format(jpeg)_quality(75)/cloudfront-us-east-1.images.arcpublishing.com/elcomercio/2GTOPR6X55FY5AP27RP3PV4HVU.jpg]
[trome.pe/resizer/DbcjSycOvjp4zjuFK2_HMWD7uiA=/234x161/smart/filters_format(jpeg)_quality(75)/cloudfront-us-east-1.images.arcpublishing.com/elcomercio/2GTOPR6X55FY5AP27RP3PV4HVU.jpg]
[trome.pe/videos/espectaculos/rodrigo-cuba-publica-tierno-video-del-cumpleanos-de-su-hija-y-sorprende-a-cibernautas-farandula-noticia/index.html]
[trome.pe/espectaculos/tv/melissa-paredes-afirma-que-hay-una-cierta-amistad-con-ale-venturo-hay-una-afinidad-farandula-rmmn-noticia/index.html]
[trome.pe/resizer/EA7HvWVBUkFSFDtomxHcM0icFhw=/118x72/smart/filters_format(jpeg)_quality(75)/cloudfront-us-east-1.images.arcpublishing.com/elcomercio/MDTCT6ZGDBFD5NLDCJVE55Z2IM.jpg]
[trome.pe/espectaculos/melissa-paredes-y-rodrigo-cuba-seran-padres-unidos-por-su-hija-desde-el-amor-todo-se-puede-anthony-aranda-ale-venturo-amor-y-fuego-farandula-noticia/index.html]
[trome.pe/resizer/v12io9vx3icWC9MKaCPqMsheQcM=/234x161/smart/filters_format(jpeg)_quality(75)/cloudfront-us-east-1.images.arcpublishing.com/elcomercio/MDTCT6ZGDBFD5NLDCJVE55Z2IM.jpg]
[trome.pe/espectaculos/melissa-paredes-y-ale-venturo-ya-se-siguen-en-instagram-foto-hasta-interactuan-en-fotos-familiares-rodrigo-gato-cuba-farandula-noticia/index.html]
[trome.pe/resizer/rLhqvRTeXOic-7xfXakOxmFB3MI=/118x72/smart/filters_format(jpeg)_quality(75)/cloudfront-us-east-1.images.arcpublishing.com/elcomercio/6F33ZZY4SRFOTHAAIW67DIZIPY.jpg]
[trome.pe/resizer/xqlIkar3b_dRKEQ_3odT6MQ-0ow=/234x161/smart/filters_format(jpeg)_quality(75)/cloudfront-us-east-1.images.arcpublishing.com/elcomercio/6F33ZZY4SRFOTHAAIW67DIZIPY.jpg]
[trome.pe/espectaculos/rodrigo-cuba-y-melissa-paredes-jorge-cuba-don-gato-feliz-en-cumpleanos-los-cuba-y-nuestra-nieta-instagram-farandula-noticia/index.html]
[trome.pe/espectaculos/melissa-paredes-rodrigo-cuba-y-toda-su-familia-se-unen-otra-vez-para-celebrar-tremenda-fiesta-de-cumpleanos-de-su-hija-instagram-farandula-noticia/index.html]
[trome.pe/resizer/wrRQkt_CLv-bi0y6kJqreFH8vbU=/118x72/smart/filters_format(jpeg)_quality(75)/cloudfront-us-east-1.images.arcpublishing.com/elcomercio/WB44YK3EONEJRNARJDSJHX4ZP4.jpg]
[trome.pe/espectaculos/melissa-paredes-y-rodrigo-cuba-samu-sobre-cumpleanos-de-su-hija-que-incomodo-no-me-imagino-esos-abrazos-y-saludos-instarandula-farandula-noticia/index.html]
[trome.pe/resizer/TXk2y6IK3u9iF4m9gojObzqdA5w=/234x161/smart/filters_format(jpeg)_quality(75)/cloudfront-us-east-1.images.arcpublishing.com/elcomercio/WB44YK3EONEJRNARJDSJHX4ZP4.jpg]
[trome.pe/resizer/45NhfEoTlfpnYWL9E2RzO_LBeMI=/118x72/smart/filters_format(jpeg)_quality(75)/cloudfront-us-east-1.images.arcpublishing.com/elcomercio/ATXBMR6AM5CGVD4IOQMI4CLGGY.jpg]
[trome.pe/resizer/5cINg99L7zl3Ejg6rG2G518y-cQ=/234x161/smart/filters_format(jpeg)_quality(75)/cloudfront-us-east-1.images.arcpublishing.com/elcomercio/ATXBMR6AM5CGVD4IOQMI4CLGGY.jpg]
[trome.pe/espectaculos/melissa-paredes-ale-venturo-le-da-like-y-samuel/index.html]
[trome.pe/noticias/rodrigo-cuba/3/index.html]
[trome.pe/resizer/YcTfQFb9w0th-IM36RgKizlPtfs=/118x72/smart/filters_format(jpeg)_quality(75)/cloudfront-us-east-1.images.arcpublishing.com/elcomercio/QRQUNN7UQJB3XFOLZJOJDESIOA.jpg]
[trome.pe/noticias/rodrigo-cuba/21/index.html]
[trome.pe/resizer/cdVavRKc3Z9qfmERfWyeY9g2MN4=/234x161/smart/filters_format(jpeg)_quality(75)/cloudfront-us-east-1.images.arcpublishing.com/elcomercio/QRQUNN7UQJB3XFOLZJOJDESIOA.jpg]
[trome.pe/archivo/index.html]
[trome.pe/resizer/AOJA0Jnzsmg4TFhaTBAKferB56U=/118x72/smart/filters_format(jpeg)_quality(75)/cloudfront-us-east-1.images.arcpublishing.com/elcomercio/NSYYRKMAWFFUJLIWVEPCOKG34M.jpg]
[trome.pe/espectaculos/ale-venturo-se-deja-ver-en-el-cumpleanos-de-la-hija-de-melissa-paredes-y-el-gato-rodrigo-cuba-anthony-aranda-el-activador-video-farandula-noticia/index.html]
[trome.pe/espectaculos/rodrigo-cuba-su-hermano-se-muestra-feliz-en-tremenda-fiesta-de-cumpleanos-de-su-sobrina-arreglo-sus-diferencias-con-melissa-paredes-instagram-farandula-noticia/index.html]
[trome.pe/actualidad/video-de-vigilante-probando-motos-se-hace-viral-fotos-video-imp-noticia/index.html]
[trome.pe/espectaculos/dalia-duran-confirma-que-fue-su-hijo-quien-pidio-ver-a-su-padre-john-kelvin-no-puedo-hacer-nada-contra-eso-farandula-noticia/index.html]
[trome.pe/resizer/NLshr0FKpVnJG4u7DJwKtfcrnQY=/234x161/smart/filters_format(jpeg)_quality(75)/cloudfront-us-east-1.images.arcpublishing.com/elcomercio/NSYYRKMAWFFUJLIWVEPCOKG34M.jpg]
[trome.pe/espectaculos/andres-hurtado-le-jura-amor-a-niurka-marcos-y-recuerda-su-encuentro-en-hotel-fue-magico-chibolin-instagram-farandula-noticia/index.html]
[trome.pe/espectaculos/john-kelvin-se-reencontro-con-su-hijo-mayor-con-dalia-duran-y-paso-24-horas-con-el-los-tiempos-de-dios-son-perfectos-amor-y-fuego-farandula-noticia/index.html]
[trome.pe/resizer/GeVSHrb2vG2YyoiKtlCKCnhP008=/118x72/smart/filters_format(jpeg)_quality(75)/cloudfront-us-east-1.images.arcpublishing.com/elcomercio/JRI3O4KURVDYPMVOHOFXXHQFKU.jpg]
[trome.pe/resizer/AFwrfYeFnGF_F4AvXEaTsh6VGiI=/234x161/smart/filters_format(jpeg)_quality(75)/cloudfront-us-east-1.images.arcpublishing.com/elcomercio/JRI3O4KURVDYPMVOHOFXXHQFKU.jpg]
[trome.pe/resizer/nTAyv--0V5f3sp6qdzcSi_A3_Z8=/118x72/smart/filters_format(jpeg)_quality(75)/cloudfront-us-east-1.images.arcpublishing.com/elcomercio/JCLQVMEIKZCI7EL3VBGLE7TJCY.jpg]
[trome.pe/noticias/rodrigo-cuba/Trident/index.html]
[trome.pe/resizer/DMHhbCBWjYsQSOysoThVtKGQpA4=/234x161/smart/filters_format(jpeg)_quality(75)/cloudfront-us-east-1.images.arcpublishing.com/elcomercio/JCLQVMEIKZCI7EL3VBGLE7TJCY.jpg]
[trome.pe/resizer/kKwV_IJhN3nTbHu2bnudYmN6b9s=/118x72/smart/filters_format(jpeg)_quality(75)/cloudfront-us-east-1.images.arcpublishing.com/elcomercio/YLAC2HYF4VF43BXVFHJPT3UWCE.jpg]
[trome.pe/resizer/VNvka2ZyS9FjhdoNxuJQEqjHxqs=/234x161/smart/filters_format(jpeg)_quality(75)/cloudfront-us-east-1.images.arcpublishing.com/elcomercio/YLAC2HYF4VF43BXVFHJPT3UWCE.jpg]
[trome.pe/noticias/shakira/index.html]
[trome.pe/noticias/shakira/2/index.html]
[trome.pe/videos/espectaculos/shakira-y-pique-este-es-el-acuerdo-al-que-llegaron-por-la-custodia-de-sus-dos-hijos-sasha-y-milan-custodia-de-menores-clara-chia-video-vr-nnav-espectaculo-noticia/index.html]
[trome.pe/noticias/deyvis-orosco/ak.m]
[trome.pe/espectaculos/celebridades/la-confesion-de-un-amigo-de-gerard-pique-sobre-la-ruptura-del-futbolista-de-shakira-jordi-baste-celebs-de-espana-nnda-nnlt-noticia/index.html]
[trome.pe/espectaculos/celebridades/shakira-y-gerard-pique-cuando-se-mudaran-sus-hijos-a-miami-segun-acuerdo-de-separacion-celebs-de-espana-nnda-nnlt-noticia/index.html]
[trome.pe/espectaculos/shakira-y-gerard-pique-estos-son-los-acuerdos-a-los-que-llegaron-sobre-sus-hijos-sasha-milan-rmmd-emcc-noticia/index.html]
[trome.pe/espectaculos/celebridades/qatar-2022-shakira-regresaria-al-mundial-con-bts-y-black-eyed-peas-mundial-de-futbol-monotonia-ceremonia-de-apertura-noticia/index.html]
[trome.pe/espectaculos/celebridades/shakira-y-gerard-pique-llegan-a-un-acuerdo-tras-infidelidad-video-los-ninos-se-van-a-vivir-a-miami-con-la-cantante-clara-chia-marti-barcelona-celebridades-noticia/index.html]
[trome.pe/espectaculos/celebridades/shakira-y-gerard-pique-llegan-a-acuerdo-sus-hijos-ya-tienen-colegio-en-miami-iniciaran-estudios-2023-tras-separacion-celebridades-noticia/index.html]
[trome.pe/noticias/deyvis-orosco/ak.t]
[trome.pe/noticias/deyvis-orosco/index.html]
[trome.pe/noticias/byron-castillo/index.html]
[trome.pe/espectaculos/index.html]
[trome.pe/deportes/index.html]
[trome.pe/opinion/el-bombardero/index.html]
[trome.pe/mundial/index.html]
[trome.pe/actualidad/index.html]
[trome.pe/actualidad/politica/index.html]
[trome.pe/actualidad/nacional/index.html]
[trome.pe/actualidad/economia/index.html]
[trome.pe/espectaculos/celebridades/el-valorable-gesto-que-shakira-tuvo-con-gerard-pique-el-dia-de-su-retiro-del-futbol-barcelona-celebs-de-espana-milan-sasha-nnda-nnlt-noticia/index.html]
[trome.pe/actualidad/internacional/index.html]
[trome.pe/espectaculos/celebridades/shakira-el-consejo-que-le-dio-niurka-marcos-para-superar-su-separacion-de-gerard-pique-celebs-de-espana-nndatl-noticia/index.html]
[trome.pe/actualidad/policiales/index.html]
[trome.pe/espectaculos/celebridades/index.html]
[trome.pe/espectaculos/cine/index.html]
[trome.pe/espectaculos/musica/index.html]
[trome.pe/espectaculos/tv/index.html]
[trome.pe/panamericanos/index.html]
[trome.pe/deportes/futbol-peruano/index.html]
[trome.pe/deportes/seleccion-peruana/index.html]
[trome.pe/deportes/futbol-internacional/index.html]
[trome.pe/deportes/ufc/index.html]
[trome.pe/deportes/wwe/index.html]
[trome.pe/mi-bodeguita/index.html]
[trome.pe/programas-tv/index.html]
[trome.pe/programas-tv/combate/index.html]
[trome.pe/programas-tv/esto-es-guerra/index.html]
[trome.pe/programas-tv/de-vuelta-al-barrio/index.html]
[trome.pe/programas-tv/pension-soto/index.html]
[trome.pe/familia/index.html]
[trome.pe/familia/ninos/index.html]
[trome.pe/familia/escuela/index.html]
[trome.pe/familia/tercera-edad/index.html]
[trome.pe/familia/sexo/index.html]
[trome.pe/familia/salud/index.html]
[trome.pe/familia/trabajo/index.html]
[trome.pe/opinion/index.html]
[trome.pe/opinion/seno-maria/index.html]
[trome.pe/opinion/el-buho/index.html]
[trome.pe/opinion/ampay/index.html]
[trome.pe/dr-trome/index.html]
[trome.pe/emprende-trome/index.html]
[trome.pe/edicion-impresa/index.html]
[trome.pe/videos/index.html]
[trome.pe/fotos/index.html]
[trome.pe/malcriadas/index.html]
[trome.pe/promociones/index.html]
[trome.pe/todas/descendiente/index0f15.html]
[trome.pe/mi-cuenta/index.html]
[trome.pe/ultimas-noticias/index.html]
[trome.pe/actualidad/economia/precio-del-dolar-en-peru-tipo-de-cambio-retrocede-en-394-soles-en-medio-de-mercados-a-la-espera-de-datos-de-inflacion-en-estados-unidos-bcr-sbs-ocona-rmmn-noticia/index.html]
[trome.pe/deportes/universitario-de-deportes-hace-propueta-por-bryan-reyna-a-academia-cantolao-fotos-fichajes-2023-seleccion-peruana-noticia/index.html]
[trome.pe/autores/index.html]
[trome.pe/espectaculos/rodrigo-cuba-revela-que-se-reunio-a-solas-con-melissa-paredes-video-reconciliacion-nos-pedimos-disculpas-y-reconocimos-errores-farandula-noticia/index.html]
[trome.pe/actualidad/joven-denuncia-que-realizo-transferencia-de-s14500-entre-sus-cuentas-bancarias-pero-el-dinero-desaparecio-video-scotiabank-bcp-rmmn-noticia/index.html]
[trome.pe/autor/redaccion-trome/index.html]
[trome.pe/opinion/el-bombardero/pisa-pelota-quien-gana-la-final-en-el-global-la-veo-parejita-pero-si-se-trata-del-duelo-de-ida-veo-un-ligero-favoritismo-hacia-melgar-noticia/index.html]
[trome.pe/autor/elbombardero/index.html]
[trome.pe/espectaculos/deyvis-orosco-magaly-medina-advierte-a-cassandra-sanchez-tras-captar-al-bomboncito-en-sauna-con-final-feliz-video-tiene-que-pedir-explicaciones-farandula-noticia/index.html]
[trome.pe/espectaculos/rodrigo-cuba-su-hermano-le-manda-mensaje-tras-emotiva-entrevista-pero-valeria-florez-lo-destruye-esta-metiendo-candela-un-dia-en-el-mall-farandula-noticia/index.html]
[trome.pe/espectaculos/rodrigo-cuba-reconoce-que-embarazo-de-ale-venturo-pudo-ser-mas-alegre-video-no-era-el-momento-youtube-melissa-paredes-farandula-noticia/index.html]
[trome.pe/espectaculos/giuliana-rengifo-cumbiambera-la-acusa-de-meterse-en-su-relacion-es-una-mujer-mala-no-tiene-reparos-en-pasar-por-quien-sea-magaly-tv-la-firme-farandula-noticia/index.html]
[trome.pe/actualidad/nacional/licencia-de-conducir-clase-a-y-clase-b-mtc-amplia-vigencia-de-brevetes-para-vehiculos-mayores-motos-y-mototaxis-rmmn-noticia/index.html]
[trome.pe/espectaculos/cassandra-sanchez-reaparece-junto-a-deyvis-orosco-video-tras-ser-ampayado-en-sauna-masajes-tantricos-con-final-feliz-siendo-luz-magaly-tv-la-firme-farandula-noticia/index.html]
[trome.pe/promocion/ganadores-del-bingo-trome-pasan-por-caja-noticia/index.html]
[trome.pe/espectaculos/deyvis-orosco-es-captado-saliendo-de-de-sauna-que-ofrece-masajes-tantricos-con-final-feliz-estuvo-casi-11-horas-magaly-tv-la-firme-farandula-noticia/index.html]
[trome.pe/espectaculos/lucecita-ceballos-sus-inicios-en-la-tv-antes-de-participar-en-al-fondo-hay-sitio-y-el-gran-show-el-especial-del-humor-risas-y-salsa-farandula-nnsp-noticia/index.html]
[trome.pe/deportes/caso-byron-castillo-resolucion-tas-le-quita-tres-puntos-a-ecuador-para-mundial-2026-y-le-da-mala-noticia-a-seleccion-peruana-para-qatar-2022-noticia/index.html]
[trome.pe/espectaculos/kathy-sheen-expone-a-deyvis-orosco-los-que-trabajamos-en-tv-sabemos-de-ese-sauna-video-cassandra-sanchez-farandula-noticia/index.html]
[trome.pe/autor/henry-espinoza/index.html]
[trome.pe/deportes/seleccion-peruana-recibe-esta-compensacion-ecoomica-tras-fallo-de-tas-por-caso-byron-castillo-video-ecuador-jugara-qatar-2022-noticia/index.html]
[trome.pe/mundial/qatar-2022-en-vivo-ultimas-noticias-de-listas-de-convocados-en-selecciones-clasificadas-al-mundial-y-minuto-a-minuto-antesala-copa-del-mundo-noticia/index.html]
[trome.pe/espectaculos/celebridades/shakira-y-pique-emitieron-comunicado-oficial-tras-llegar-a-un-acuerdo-sobre-la-custodia-de-sus-hijos-usa-eeuu-estados-unidos-celebs-rmmn-noticia/index.html]
[trome.pe/autor/agencia-efe/index.html]
[trome.pe/deportes/sporting-cristal-y-la-hora-del-adios-el-club-celeste-se-despidio-de-roberto-mosquera-y-su-comando-tecnico-liga-1-rmmd-noticia/index.html]
[trome.pe/autor/redaccion-deportes/index.html]
[trome.pe/espectaculos/giuliana-rengifo-pasa-por-el-lado-del-george-neyra-exbailarin-de-el-gran-show-e-ignora-su-presencia-que-sea-feliz-video-farandula-noticia/index.html]
[trome.pe/deportes/rodrigo-cuba-conto-como-le-explico-a-su-hija-que-no-podia-verla-fueron-92-dias-le-dije-que-estaba-de-viaje-gato-cuba-noticia/index.html]
[trome.pe/espectaculos/john-kelvin-y-dalia-duran-llegan-a-un-acuerdo-por-su-hijo-mayor-ambos-firmaron-documento-jura-abogado-farandula-noticia/index.html]
[trome.pe/actualidad/economia/cts-2022-link-dni-conoce-cuanto-te-depositaran-segun-el-tipo-de-empresa-en-la-que-trabajas-consultas-retiro-cts-cuando-depositan-la-cts-tramites-rmmn-noticia/index.html]
[trome.pe/espectaculos/gian-marco-su-mama-regina-alcover-se-pronuncia-tras-humillacion-a-reportero-de-amor-y-fuego-un-dia-malo-te-da-experiencia-farandula-noticia/index.html]
[trome.pe/autor/wendy-slee/index.html]
[trome.pe/espectaculos/celebridades/la-reina-del-sur-3-la-serie-que-ha-sido-un-fracaso-para-telemundo-telenovela-nnda-nnlt-noticia/index.html]
[trome.pe/autor/redaccion-celebrities/index.html]
[trome.pe/emprende-trome/informacion-util/index.html]
[trome.pe/emprende-trome/informacion-util/fondo-emprendedor-financiara-a-empresas-peruanas-con-impacto-social-conoce-cuales-son-los-requisitos-para-postularimp-noticia/index.html]
[trome.pe/actualidad/nacional/sedapal-cortara-servicio-de-agua-en-6-distritos/index.html]
[trome.pe/espectaculos/el-gran-show-george-neyra-que-le-deba-dinero-a-giuliana-rengifo-tal-como-afirmo-gisela-es-su-palabra-de-ellas-contra-la-mia-video-farandula-noticia/index.html]
[trome.pe/actualidad/politica/anibal-torres-y-sol-carreno-que-fue-lo-que-dijo-y-que-fue-considerado-ataque-misogino-america-tv-rmmn-noticia/index.html]
[trome.pe/familia/preocupada-por-la-higiene-bucal-de-tus-ninos-aqui-te-traemos-la-solucion-imp-noticia/index.html]
[trome.pe/autor/maritza-llanos/index.html]
[trome.pe/opinion/el-buho/el-buho-corrio-la-cancha-en-arequipa-pico-tv-marcha-contra-pedro-castillo-agricultura-noticia/index.html]
[trome.pe/autor/buho/index.html]
[trome.pe/opinion/el-bombardero/pisa-pelota-paolo-se-equivoco-en-la-decision-de-ir-a-un-equipo-chico-del-brasileirao-noticia/index.html]
[trome.pe/opinion/seno-maria/rateros-extranjeros-seno-maria-sicarios-venezolanos-fiesta-en-yate-en-callao-los-puros-hermanos-sicarios-noticia/index.html]
[trome.pe/opinion/ampay/andrea-san-martin-se-hizo-retoquito-para-quitarse-la-papada-farandula-noticia/index.html]
[trome.pe/autor/meche/index.html]
[trome.pe/espectaculos/celebridades/quien-es-devrim-ozkan-la-supuesta-nueva-novia-de-mauro-icardi-nndatl-noticia/index.html]
[trome.pe/autor/jesus-fernandez-cabero/index.html]
[trome.pe/espectaculos/celebridades/como-fue-el-fin-de-la-relacion-de-hilary-duff-y-aaron-carter-lindsay-lohan-celebs-de-estados-unidos-nnda-nnlt-noticia/index.html]
[trome.pe/espectaculos/celebridades/que-es-la-dilexia-el-trastorno-que-sufre-thalia-nndatl-noticia/index.html]
[trome.pe/familia/escuela/estos-son-algunos-de-los-animales-que-viven-mucho-mas-que-los-humanos-imp-noticia/index.html]
[trome.pe/deportes/link-golperu-en-vivo-alianza-lima-vs-melgar-en-vivo-como-ver-final-liga-1-2022-ida-transmision-por-internet-via-canal-14-partidos-de-hoy-noticia/index.html]
[trome.pe/familia/escuela/conoce-la-historia-de-bram-stoker-creador-de-dracula-imp-noticia/index.html]
[trome.pe/videos/espectaculos/index.html]
[trome.pe/videos/espectaculos/carlos-cacho-lucecita-ceballos-cambio-imagen-antes-y-despues-famosos-farandula-nnav-amtv-video-noticia/index.html]
[trome.pe/familia/apendicitis-un-mal-imposible-de-prevenir-aqui-le-ensenamos-como-tratarla-nczp-noticia/index.html]
[trome.pe/autor/esalazar/index.html]
[trome.pe/familia/mi-perro-tiene-un-bultito-en-la-piel-es-peligroso-mascotas-cancer-noticia/index.html]
[trome.pe/autor/estefanyvalladares/index.html]
[trome.pe/impresa/index.html]
[trome.pe/actualidad/eres-dramatico-relajado-o-responsable-con-las-enfermedades-segun-tu-signo-horoscopo-imp-noticia/index.html]
[trome.pe/familia/sol-carreno-que-es-misoginia-y-como-se-expresa-en-la-sociedad-anibal-torres-cuarto-poder-rmmn-noticia/index.html]
[trome.pe/espectaculos/celebridades/que-dijo-wanda-nara-sobre-el-fin-de-su-relacion-con-mauro-icardi-nndatl-noticia/index.html]
[trome.pe/videos/actualidad/index.html]
[trome.pe/videos/actualidad/eclipse-eclipse-lunar-fenomeno-astronomico-peru-madrugada-300-horas-luna-de-sangre-2025-nnav-amtv-video-noticia/index.html]
[trome.pe/espectaculos/shakira-en-qatar-2022-la-pista-que-indicaria-que-la-colombiana-si-tocaria-en-el-mundial-farandula-rmmd-emcc-noticia/index.html]
[trome.pe/espectaculos/celebridades/que-es-lo-que-hacia-shakira-mientras-gerard-pique-se-despedia-del-fc-barcelona-nndatl-noticia/index.html]
[trome.pe/actualidad/nacional/quien-es-el-padre-omar-sanchez-y-que-se-conoce-de-la-granada-que-dejaron-en-su-hogar-rmmn-emcc-noticia/index.html]
[trome.pe/familia/tecnologia-conoce-los-peligros-en-tinder-y-protegete-imp-noticia/index.html]
[trome.pe/deportes/historia-de-mundiales-juan-hohberg-el-jugador-que-anoto-dos-goles-murio-en-plena-copa-del-mundo-y-resucito-con-seleccion-de-uruguay-anecdotas-historias-de-futbolistas-imp-noticia/index.html]
[trome.pe/autor/carlos-bernuy/index.html]
[trome.pe/familia/sabes-que-hacer-si-te-roban-el-celular-aqui-te-lo-decimos-imp-noticia/index.html]
[trome.pe/pf/resources/dist/trome/css/home-v21b04.css]
[trome.pe/horoscopo/index.html]
[trome.pe/karry/index.html]
[trome.pe/alvaro-portales/index.html]
[trome.pe/terminos-y-condiciones/index.html]
[trome.pe/politica-de-privacidad/index.html]
[trome.pe/politica-de-cookies/index.html]
[trome.pe/Trident/index.html]
[static.chartbeat.com/js/inpage.js]
[trome.pe/GET/index.html]
[cdnc.trome.pe/dist/trome/css/styleb647.css]
[trome.pe/noticias/rodrigo-cuba/2/index.html]
[trome.pe/noticias/rodrigo-cuba/ak.html]
[trome.pe/noticias/rodrigo-cuba/ak-2.html]
[trome.pe/espectaculos/rodrigo-cuba-gato-refuerza-su-declaracion-de-amor-a-ale-venturo-video-es-una-chica-a1-increible-y-buena-mama-melissa-paredes-farandula-noticia/index.html]
[trome.pe/deportes/rodrigo-cuba-gato-llora-y-arremete-contra-prensa-de-espectaculos-es-muy-invasiva-video-melissa-paredes-sport-boys-noticia/index.html]
[trome.pe/deportes/rodrigo-cuba-llora-y-admite-que-se-refugio-en-el-futbol-mentalmente-necesito-jugar-aunque-me-tenga-que-lesionar-gato-melissa-paredes-sport-boys-noticia/index.html]
[trome.pe/espectaculos/rodrigo-cuba-asegura-que-no-le-pagaron-por-presentarse-en-magaly-tv-la-firme-nunca-he-cobrado-por-una-entrevista-melissa-paredes-magaly-medina-farandula-noticia/index.html]
[trome.pe/espectaculos/rodrigo-cuba-llora-por-pasado-enfrentamiento-con-melissa-paredes-como-haces-para-jugar-con-tanto-problema-giancarlo-granda-farandula-noticia/index.html]
[trome.pe/videos/espectaculos/rodrigo-cuba-publica-tierno-video-del-cumpleanos-de-su-hija-y-sorprende-a-cibernautas-farandula-noticia/index.html]
[trome.pe/espectaculos/melissa-paredes-sobre-la-buena-relacion-que-man/index.html]
[trome.pe/espectaculos/tv/melissa-paredes-afirma-que-hay-una-cierta-amistad-con-ale-venturo-hay-una-afinidad-farandula-rmmn-noticia/index.html]
[trome.pe/espectaculos/melissa-paredes-y-rodrigo-cuba-seran-padres-unidos-por-su-hija-desde-el-amor-todo-se-puede-anthony-aranda-ale-venturo-amor-y-fuego-farandula-noticia/index.html]
[trome.pe/espectaculos/melissa-paredes-y-ale-venturo-ya-se-siguen-en-instagram-foto-hasta-interactuan-en-fotos-familiares-rodrigo-gato-cuba-farandula-noticia/index.html]
[trome.pe/espectaculos/melissa-paredes-rodrigo-cuba-y-toda-su-familia-se-unen-otra-vez-para-celebrar-tremenda-fiesta-de-cumpleanos-de-su-hija-instagram-farandula-noticia/index.html]
[trome.pe/espectaculos/rodrigo-cuba-y-melissa-paredes-jorge-cuba-don-gato-feliz-en-cumpleanos-los-cuba-y-nuestra-nieta-instagram-farandula-noticia/index.html]
[trome.pe/espectaculos/ale-venturo-se-deja-ver-en-el-cumpleanos-de-la-hija-de-melissa-paredes-y-el-gato-rodrigo-cuba-anthony-aranda-el-activador-video-farandula-noticia/index.html]
[trome.pe/espectaculos/melissa-paredes-y-rodrigo-cuba-samu-sobre-cumpleanos-de-su-hija-que-incomodo-no-me-imagino-esos-abrazos-y-saludos-instarandula-farandula-noticia/index.html]
[trome.pe/espectaculos/melissa-paredes-ale-venturo-le-da-like-y-samuel/index.html]
[trome.pe/espectaculos/rodrigo-cuba-su-hermano-se-muestra-feliz-en-tremenda-fiesta-de-cumpleanos-de-su-sobrina-arreglo-sus-diferencias-con-melissa-paredes-instagram-farandula-noticia/index.html]
[trome.pe/noticias/rodrigo-cuba/3/index.html]
[trome.pe/noticias/rodrigo-cuba/21/index.html]
[trome.pe/archivo/index.html]
[trome.pe/espectaculos/dalia-duran-confirma-que-fue-su-hijo-quien-pidio-ver-a-su-padre-john-kelvin-no-puedo-hacer-nada-contra-eso-farandula-noticia/index.html]
[trome.pe/actualidad/video-de-vigilante-probando-motos-se-hace-viral-fotos-video-imp-noticia/index.html]
[trome.pe/espectaculos/andres-hurtado-le-jura-amor-a-niurka-marcos-y-recuerda-su-encuentro-en-hotel-fue-magico-chibolin-instagram-farandula-noticia/index.html]
[trome.pe/espectaculos/john-kelvin-se-reencontro-con-su-hijo-mayor-con-dalia-duran-y-paso-24-horas-con-el-los-tiempos-de-dios-son-perfectos-amor-y-fuego-farandula-noticia/index.html]
[trome.pe/noticias/rodrigo-cuba/Trident/index.html]
[trome.pe/noticias/shakira/2/index.html]
[trome.pe/noticias/shakira/ak.html]
[trome.pe/noticias/shakira/ak-2.html]
[trome.pe/videos/espectaculos/shakira-y-pique-este-es-el-acuerdo-al-que-llegaron-por-la-custodia-de-sus-dos-hijos-sasha-y-milan-custodia-de-menores-clara-chia-video-vr-nnav-espectaculo-noticia/index.html]
[trome.pe/espectaculos/shakira-y-gerard-pique-estos-son-los-acuerdos-a-los-que-llegaron-sobre-sus-hijos-sasha-milan-rmmd-emcc-noticia/index.html]
[trome.pe/espectaculos/celebridades/shakira-y-gerard-pique-cuando-se-mudaran-sus-hijos-a-miami-segun-acuerdo-de-separacion-celebs-de-espana-nnda-nnlt-noticia/index.html]
[trome.pe/espectaculos/celebridades/la-confesion-de-un-amigo-de-gerard-pique-sobre-la-ruptura-del-futbolista-de-shakira-jordi-baste-celebs-de-espana-nnda-nnlt-noticia/index.html]
[trome.pe/espectaculos/celebridades/shakira-y-gerard-pique-llegan-a-acuerdo-sus-hijos-ya-tienen-colegio-en-miami-iniciaran-estudios-2023-tras-separacion-celebridades-noticia/index.html]
[trome.pe/espectaculos/celebridades/shakira-y-gerard-pique-llegan-a-un-acuerdo-tras-infidelidad-video-los-ninos-se-van-a-vivir-a-miami-con-la-cantante-clara-chia-marti-barcelona-celebridades-noticia/index.html]
[trome.pe/espectaculos/celebridades/qatar-2022-shakira-regresaria-al-mundial-con-bts-y-black-eyed-peas-mundial-de-futbol-monotonia-ceremonia-de-apertura-noticia/index.html]
[trome.pe/espectaculos/celebridades/shakira-el-consejo-que-le-dio-niurka-marcos-para-superar-su-separacion-de-gerard-pique-celebs-de-espana-nndatl-noticia/index.html]
[trome.pe/espectaculos/celebridades/el-valorable-gesto-que-shakira-tuvo-con-gerard-pique-el-dia-de-su-retiro-del-futbol-barcelona-celebs-de-espana-milan-sasha-nnda-nnlt-noticia/index.html]
[trome.pe/espectaculos/celebridades/gerard-pique-la-verdadera-razon-detras-de-su-retiro-del-futbol-segun-el-paparazzi-jordi-martin-celebs-de-espana-nndatl-noticia/index.html]
[trome.pe/espectaculos/celebridades/gerard-pique-cual-fue-su-declaracion-que-sorprendio-al-mundo-celeb-de-espana-nnda-nnlt-noticia/index.html]
[trome.pe/espectaculos/celebridades/shakira-le-fue-infiel-a-pique-amigo-del-jugador-del-fc-barcelona-tiene-otra-version-nndatl-noticia/index.html]
[trome.pe/espectaculos/celebridades/thalia-como-se-habria-burlado-de-shakira-por-la-cancion-monotonia-celebs-de-mexico-nndatl-noticia/index.html]
[trome.pe/espectaculos/celebridades/shakira-ya-tiene-novio-es-colombiano-deportista-y-vive-en-miami-video-gerard-pique-reaccion-una-nueva-oportunidad-al-amor-vidente-mhoni-celebridades-noticia/index.html]
[trome.pe/deportes/gerard-pique-abuelo-revela-cual-sera-su-futuro-tras-retiro-del-futbol-video-con-barcelona-y-toma-riendas-de-fc-andorra-noticia/index.html]
[trome.pe/espectaculos/celebridades/como-reacciono-mama-de-shakira-cuando-le-preguntaron-sobre-retiro-de-gerard-pique-video-fc-barcelona-espana-rmmn-emcc-noticia/index.html]
[trome.pe/espectaculos/celebridades/gerard-pique-la-situacion-del-ex-de-shakira-luego-de-dejar-el-futbol-celebs-de-espana-nnda-nnlt-noticia/index.html]
[trome.pe/noticias/shakira/3/index.html]
[trome.pe/noticias/shakira/10/index.html]
[trome.pe/noticias/shakira/Trident/index.html]
[trome.pe/noticias/deyvis-orosco/2/index.html]
[trome.pe/noticias/deyvis-orosco/ak.html]
[trome.pe/noticias/deyvis-orosco/ak-2.html]
